../Core/Src/mqtt.c:35:17:mqtt_sync	24	static
../Core/Src/mqtt.c:85:10:__mqtt_next_pid	32	static
../Core/Src/mqtt.c:113:17:mqtt_init	24	static
../Core/Src/mqtt.c:152:6:mqtt_init_reconnect	24	static
../Core/Src/mqtt.c:183:6:mqtt_reinit	24	static
../Core/Src/mqtt.c:233:17:mqtt_connect	56	static
../Core/Src/mqtt.c:271:17:mqtt_publish	56	static
../Core/Src/mqtt.c:305:9:__mqtt_puback	24	static
../Core/Src/mqtt.c:326:9:__mqtt_pubrec	24	static
../Core/Src/mqtt.c:347:9:__mqtt_pubrel	24	static
../Core/Src/mqtt.c:368:9:__mqtt_pubcomp	24	static
../Core/Src/mqtt.c:389:17:mqtt_subscribe	48	static
../Core/Src/mqtt.c:419:17:mqtt_unsubscribe	40	static
../Core/Src/mqtt.c:446:17:mqtt_ping	24	static
../Core/Src/mqtt.c:454:17:__mqtt_ping	24	static
../Core/Src/mqtt.c:474:17:mqtt_reconnect	24	static
../Core/Src/mqtt.c:486:17:mqtt_disconnect	24	static
../Core/Src/mqtt.c:507:9:__mqtt_send	56	static
../Core/Src/mqtt.c:649:9:__mqtt_recv	88	static
../Core/Src/mqtt.c:967:16:mqtt_fixed_header_rule_violation	24	static
../Core/Src/mqtt.c:992:9:mqtt_unpack_fixed_header	40	static
../Core/Src/mqtt.c:1050:9:mqtt_pack_fixed_header	40	static
../Core/Src/mqtt.c:1105:9:mqtt_pack_connection_request	48	static
../Core/Src/mqtt.c:1227:9:mqtt_unpack_connack_response	24	static
../Core/Src/mqtt.c:1255:9:mqtt_pack_disconnect	24	static
../Core/Src/mqtt.c:1264:9:mqtt_pack_ping_request	24	static
../Core/Src/mqtt.c:1273:9:mqtt_pack_publish_request	48	static
../Core/Src/mqtt.c:1343:9:mqtt_unpack_publish_response	32	static
../Core/Src/mqtt.c:1387:9:mqtt_pack_pubxxx_request	40	static
../Core/Src/mqtt.c:1422:9:mqtt_unpack_pubxxx_response	24	static
../Core/Src/mqtt.c:1450:9:mqtt_unpack_suback_response	24	static
../Core/Src/mqtt.c:1473:9:mqtt_pack_subscribe_request	96	static
../Core/Src/mqtt.c:1539:9:mqtt_unpack_unsuback_response	24	static
../Core/Src/mqtt.c:1555:9:mqtt_pack_unsubscribe_request	88	static
../Core/Src/mqtt.c:1616:6:mqtt_mq_init	24	static
../Core/Src/mqtt.c:1625:29:mqtt_mq_register	16	static
../Core/Src/mqtt.c:1640:6:mqtt_mq_clean	48	static
../Core/Src/mqtt.c:1687:29:mqtt_mq_find	32	static
../Core/Src/mqtt.c:1703:9:mqtt_unpack_response	32	static
../Core/Src/mqtt.c:1745:9:__mqtt_pack_uint16	24	static
../Core/Src/mqtt.c:1752:10:__mqtt_unpack_uint16	24	static
../Core/Src/mqtt.c:1759:9:__mqtt_pack_str	24	static
../Core/Src/mqtt.c:1779:13:mqtt_error_str	24	static
